
> galeriarayuela@0.0.1 build E:\ramaCode\galeriaRayuela
> astro build

[2m12:46:08[22m [34m[@astrojs/node][39m Enabling sessions with filesystem storage
[33m[1m12:46:08[22m [WARN][39m Unsupported file type [1mE:\ramaCode\galeriaRayuela\src\pages\marketplace\vendedor\CardOnePage.tsx[22m found. Prefix filename with an underscore (`_`) to ignore.
[2m12:46:08[22m [34m[content][39m Syncing content
[2m12:46:08[22m [34m[content][39m Synced content
[2m12:46:08[22m [34m[types][39m Generated [2m57ms[22m
[2m12:46:08[22m [34m[build][39m output: [34m"server"[39m
[2m12:46:08[22m [34m[build][39m mode: [34m"server"[39m
[2m12:46:08[22m [34m[build][39m directory: [34mE:\ramaCode\galeriaRayuela\dist\[39m
[2m12:46:08[22m [34m[build][39m adapter: [32m@astrojs/node[39m
[2m12:46:08[22m [34m[build][39m Collecting build info...
[2m12:46:08[22m [34m[build][39m [32mÔ£ô Completed in 103ms.[39m
[2m12:46:08[22m [34m[build][39m Building server entrypoints...
pnpm : [31m[1m12:46:09[22m [ERROR] [vite][39m [31mÔ£ù[39m 
Build failed in 900ms
En línea: 1 Carácter: 1
+ pnpm run build > build_error.log 2>&1
+ ~~~~~~~~~~~~~~~~~~~~~~~~~~~~~~~~~~~~~
    + CategoryInfo          : NotSpecified: ([31m[1m12:46:... 
   failed in 900ms:String) [], RemoteException
    + FullyQualifiedErrorId : NativeCommandError
 
Could not resolve "../../../db" from 
"src/pages/api/eventos/[id]/toggle-whatsapp.ts"
file: E:/ramaCode/galeriaRayuela/src/pages/api/eventos/[id]/togg
le-whatsapp.ts
  [1mStack trace:[22m
[2m    at getRollupError (file:///E:/ramaCode/galeriaRayuela/no
de_modules/.pnpm/rollup@4.54.0/node_modules/rollup/dist/es/share
d/parseAst.js:401:41)
    at ModuleLoader.handleInvalidResolvedId (file:///E:/ramaCode
/galeriaRayuela/node_modules/.pnpm/rollup@4.54.0/node_modules/ro
llup/dist/es/shared/node-entry.js:21661:24)[22m
ÔÇëELIFECYCLEÔÇë Command failed with exit code 1.
